# R118: Deep Walk-Forward Validation of On-Chain BTC Signals

**Date**: 2026-03-24
**Data**: Extended on-chain (R117) -- 9+ years, 2017-2026
**Asset**: BTC spot
**Cost assumption**: 10 bps round-trip
**WF config**: 180d train / 90d test / 10 windows max
[DATA] Loading BTC 1h spot and resampling to daily...
  BTC daily: 2020-01-01 to 2026-03-14, 2258 days
[DATA] Loading extended on-chain data (R117)...
  exchange_netflow: 2017-01-01 to 2026-03-23, 3369 rows, nulls=0
  active_addresses: 2017-01-01 to 2026-03-23, 3369 rows, nulls=0
  tx_volume_usd: 2017-01-01 to 2026-03-16, 3354 rows, nulls=0
  exchange_balance: 2017-01-01 to 2026-03-23, 3369 rows, nulls=0

================================================================================
STEP 1: SIGNAL CONSTRUCTION
================================================================================

  Constructed 36 raw signals, 36 aligned with BTC (>= 100 obs)
    addr_10d_sum: 2258 obs
    addr_20d_sum: 2258 obs
    addr_5d_sum: 2258 obs
    addr_change_14d: 2258 obs
    addr_change_30d: 2258 obs
    addr_growth_14d: 2258 obs
    addr_growth_30d: 2258 obs
    addr_growth_7d: 2258 obs
    addr_zscore_30d: 2258 obs
    exbal_10d_sum: 2258 obs
    exbal_20d_sum: 2258 obs
    exbal_5d_sum: 2258 obs
    exbal_change_14d: 2258 obs
    exbal_change_30d: 2258 obs
    exbal_mom_14d: 2258 obs
    exbal_mom_30d: 2258 obs
    exbal_mom_7d: 2258 obs
    exbal_zscore_30d: 2258 obs
    netflow_10d_sum: 2258 obs
    netflow_20d_sum: 2258 obs
    netflow_5d_sum: 2258 obs
    netflow_change_14d: 2258 obs
    netflow_change_30d: 2258 obs
    netflow_mom_14d: 2258 obs
    netflow_mom_30d: 2258 obs
    netflow_mom_7d: 2258 obs
    netflow_zscore_30d: 2258 obs
    txvol_10d_sum: 2250 obs
    txvol_20d_sum: 2250 obs
    txvol_5d_sum: 2250 obs
    txvol_change_14d: 2250 obs
    txvol_change_30d: 2250 obs
    txvol_mom_14d: 2250 obs
    txvol_mom_30d: 2250 obs
    txvol_mom_7d: 2250 obs
    txvol_zscore_30d: 2250 obs

================================================================================
STEP 2: IC SCAN
================================================================================

### IC Scan Results (sorted by max |IC|)

| Signal | IC 1d | IC 3d | IC 7d | IC 14d | Max |IC| | Best Hz | N |
|--------|-------|-------|-------|--------|---------|---------|---|
| txvol_20d_sum | -0.0349 | **-0.0631** | **-0.0961** | **-0.1379** | 0.1379 | 14d | 2249 |
| txvol_10d_sum | -0.0362 | **-0.0619** | **-0.0892** | **-0.1235** | 0.1235 | 14d | 2249 |
| netflow_change_30d | +0.0247 | +0.0494 | **+0.0737** | **+0.1208** | 0.1208 | 14d | 2257 |
| txvol_5d_sum | -0.0302 | **-0.0532** | **-0.0845** | **-0.1160** | 0.1160 | 14d | 2249 |
| exbal_20d_sum | -0.0251 | -0.0460 | **-0.0691** | **-0.1009** | 0.1009 | 14d | 2257 |
| exbal_5d_sum | -0.0299 | **-0.0537** | **-0.0758** | **-0.0994** | 0.0994 | 14d | 2257 |
| exbal_10d_sum | -0.0273 | -0.0488 | **-0.0705** | **-0.0963** | 0.0963 | 14d | 2257 |
| netflow_20d_sum | +0.0024 | +0.0125 | +0.0391 | **+0.0905** | 0.0905 | 14d | 2257 |
| addr_growth_7d | **+0.0524** | **+0.0760** | +0.0410 | +0.0251 | 0.0760 | 3d | 2257 |
| addr_20d_sum | +0.0164 | +0.0287 | +0.0470 | **+0.0757** | 0.0757 | 14d | 2257 |
| addr_5d_sum | +0.0257 | +0.0403 | +0.0440 | **+0.0719** | 0.0719 | 14d | 2257 |
| exbal_mom_7d | -0.0254 | **-0.0601** | **-0.0706** | **-0.0527** | 0.0706 | 7d | 2257 |
| addr_10d_sum | +0.0140 | +0.0259 | +0.0430 | **+0.0705** | 0.0705 | 14d | 2257 |
| netflow_change_14d | -0.0292 | **-0.0571** | **-0.0562** | +0.0071 | 0.0571 | 3d | 2257 |
| netflow_zscore_30d | +0.0057 | -0.0402 | **-0.0563** | -0.0366 | 0.0563 | 7d | 2257 |
| exbal_mom_14d | -0.0230 | **-0.0527** | **-0.0531** | -0.0093 | 0.0531 | 7d | 2257 |
| exbal_change_14d | -0.0226 | **-0.0523** | **-0.0520** | -0.0079 | 0.0523 | 3d | 2257 |
| txvol_zscore_30d | -0.0020 | -0.0173 | +0.0341 | **+0.0521** | 0.0521 | 14d | 2249 |
| netflow_5d_sum | -0.0167 | -0.0400 | -0.0489 | -0.0069 | 0.0489 | 7d | 2257 |
| txvol_change_30d | +0.0159 | +0.0088 | +0.0465 | +0.0397 | 0.0465 | 7d | 2249 |
| addr_change_14d | +0.0453 | +0.0455 | +0.0309 | +0.0144 | 0.0455 | 3d | 2257 |
| addr_growth_14d | +0.0440 | +0.0375 | +0.0307 | +0.0183 | 0.0440 | 1d | 2257 |
| addr_growth_30d | +0.0376 | +0.0367 | +0.0395 | +0.0379 | 0.0395 | 7d | 2257 |
| netflow_10d_sum | -0.0218 | -0.0274 | -0.0166 | +0.0357 | 0.0357 | 14d | 2257 |
| txvol_mom_14d | +0.0066 | -0.0026 | +0.0215 | +0.0356 | 0.0356 | 14d | 2249 |
| addr_change_30d | +0.0354 | +0.0334 | +0.0347 | +0.0312 | 0.0354 | 1d | 2257 |
| exbal_zscore_30d | -0.0218 | -0.0354 | -0.0290 | -0.0163 | 0.0354 | 3d | 2257 |
| netflow_mom_14d | -0.0332 | +0.0115 | -0.0058 | -0.0043 | 0.0332 | 1d | 2257 |
| txvol_mom_30d | +0.0107 | +0.0114 | +0.0324 | +0.0277 | 0.0324 | 7d | 2249 |
| addr_zscore_30d | +0.0236 | +0.0167 | +0.0293 | +0.0183 | 0.0293 | 7d | 2257 |
| netflow_mom_7d | +0.0258 | -0.0232 | -0.0285 | -0.0265 | 0.0285 | 7d | 2257 |
| netflow_mom_30d | -0.0091 | -0.0188 | -0.0191 | -0.0145 | 0.0191 | 7d | 2257 |
| txvol_mom_7d | -0.0080 | -0.0141 | +0.0105 | +0.0185 | 0.0185 | 14d | 2249 |
| txvol_change_14d | +0.0043 | +0.0007 | +0.0036 | +0.0182 | 0.0182 | 14d | 2249 |
| exbal_mom_30d | -0.0033 | -0.0090 | -0.0093 | +0.0119 | 0.0119 | 14d | 2257 |
| exbal_change_30d | -0.0035 | -0.0097 | -0.0109 | +0.0094 | 0.0109 | 7d | 2257 |

  Killed by IC < 0.02: 5 signals
  Survivors: 31 signals

### Subsample Stability (top 20 by |IC|)

| Signal | Hz | IC Third1 | IC Third2 | IC Third3 | Consistent |
|--------|-----|-----------|-----------|-----------|------------|
| txvol_20d_sum | 14d | 0/3 positive | | | Yes |
| txvol_10d_sum | 14d | 0/3 positive | | | Yes |
| netflow_change_30d | 14d | 2/3 positive | | | **No** |
| txvol_5d_sum | 14d | 0/3 positive | | | Yes |
| exbal_20d_sum | 14d | 1/3 positive | | | **No** |
| exbal_5d_sum | 14d | 1/3 positive | | | **No** |
| exbal_10d_sum | 14d | 1/3 positive | | | **No** |
| netflow_20d_sum | 14d | 2/3 positive | | | **No** |
| addr_growth_7d | 3d | 3/3 positive | | | Yes |
| addr_20d_sum | 14d | 2/3 positive | | | **No** |
| addr_5d_sum | 14d | 2/3 positive | | | **No** |
| exbal_mom_7d | 7d | 0/3 positive | | | Yes |
| addr_10d_sum | 14d | 2/3 positive | | | **No** |
| netflow_change_14d | 3d | 0/3 positive | | | Yes |
| netflow_zscore_30d | 7d | 0/3 positive | | | Yes |
| exbal_mom_14d | 7d | 0/3 positive | | | Yes |
| exbal_change_14d | 3d | 0/3 positive | | | Yes |
| txvol_zscore_30d | 14d | 3/3 positive | | | Yes |
| netflow_5d_sum | 7d | 0/3 positive | | | Yes |
| txvol_change_30d | 7d | 2/3 positive | | | **No** |

================================================================================
STEP 2.5: PERIOD-SPECIFIC IC ANALYSIS (STATIONARITY CHECK)
================================================================================

BTC spot starts 2020-01-01. Testing IC in 3 sub-periods:
  - Period A: 2020-01 to 2021-12 (COVID + first bull)
  - Period B: 2022-01 to 2023-12 (crash + recovery)
  - Period C: 2024-01 to 2026-03 (ETF era)

| Signal | IC Period A | IC Period B | IC Period C | Sign Flip? | Verdict |
|--------|-------------|-------------|-------------|------------|---------|
| addr_10d_sum | -0.0327 | +0.0169 | +0.1539 | YES | **NON-STATIONARY** |
| addr_20d_sum | -0.0285 | +0.0466 | +0.1572 | YES | **NON-STATIONARY** |
| addr_5d_sum | -0.0261 | -0.0013 | +0.1527 | YES | **NON-STATIONARY** |
| addr_change_14d | +0.0383 | +0.0036 | +0.0334 | No | STABLE |
| addr_change_30d | +0.0299 | -0.0038 | +0.0694 | YES | **NON-STATIONARY** |
| addr_growth_14d | +0.0337 | +0.0077 | +0.0325 | No | STABLE |
| addr_growth_30d | +0.0389 | -0.0058 | +0.0663 | YES | **NON-STATIONARY** |
| addr_growth_7d | +0.0733 | -0.0147 | +0.0374 | YES | **NON-STATIONARY** |
| addr_zscore_30d | +0.0481 | -0.0305 | +0.0550 | YES | **NON-STATIONARY** |
| exbal_10d_sum | -0.1916 | -0.1719 | +0.0374 | YES | **NON-STATIONARY** |
| exbal_20d_sum | -0.1837 | -0.1765 | +0.0431 | YES | **NON-STATIONARY** |
| exbal_5d_sum | -0.1949 | -0.1788 | +0.0239 | YES | **NON-STATIONARY** |
| exbal_change_14d | -0.1078 | -0.0181 | -0.0543 | No | STABLE |
| exbal_mom_14d | -0.1105 | -0.0223 | -0.0551 | No | STABLE |
| exbal_mom_7d | -0.0602 | -0.0963 | -0.0805 | No | STABLE |
| exbal_zscore_30d | -0.0231 | -0.0324 | -0.0719 | No | STABLE |
| netflow_10d_sum | -0.0302 | +0.0450 | -0.1335 | YES | **NON-STATIONARY** |
| netflow_20d_sum | +0.0223 | +0.1029 | -0.0461 | YES | **NON-STATIONARY** |
| netflow_5d_sum | -0.0552 | -0.0181 | -0.1216 | No | STABLE |
| netflow_change_14d | -0.0572 | -0.0198 | -0.1630 | No | STABLE |
| netflow_change_30d | +0.1240 | +0.1093 | -0.0833 | YES | **NON-STATIONARY** |
| netflow_mom_14d | -0.0118 | -0.0183 | +0.0181 | YES | **NON-STATIONARY** |
| netflow_mom_7d | -0.0583 | -0.0756 | +0.0485 | YES | **NON-STATIONARY** |
| netflow_zscore_30d | -0.0583 | -0.0465 | -0.0729 | No | STABLE |
| txvol_10d_sum | -0.1279 | -0.0837 | -0.0998 | No | STABLE |
| txvol_20d_sum | -0.1410 | -0.0780 | -0.1256 | No | STABLE |
| txvol_5d_sum | -0.1319 | -0.0569 | -0.0849 | No | STABLE |
| txvol_change_30d | -0.0197 | +0.1133 | +0.0783 | YES | **NON-STATIONARY** |
| txvol_mom_14d | +0.0328 | +0.0115 | +0.0159 | No | STABLE |
| txvol_mom_30d | +0.0057 | +0.0617 | +0.0493 | No | STABLE |
| txvol_zscore_30d | +0.0352 | +0.0480 | +0.0107 | No | STABLE |

  Killed by non-stationarity: 16 signals
    addr_10d_sum: ICs = -0.0327, +0.0169, +0.1539
    addr_20d_sum: ICs = -0.0285, +0.0466, +0.1572
    addr_5d_sum: ICs = -0.0261, -0.0013, +0.1527
    addr_change_30d: ICs = +0.0299, -0.0038, +0.0694
    addr_growth_30d: ICs = +0.0389, -0.0058, +0.0663
    addr_growth_7d: ICs = +0.0733, -0.0147, +0.0374
    addr_zscore_30d: ICs = +0.0481, -0.0305, +0.0550
    exbal_10d_sum: ICs = -0.1916, -0.1719, +0.0374
    exbal_20d_sum: ICs = -0.1837, -0.1765, +0.0431
    exbal_5d_sum: ICs = -0.1949, -0.1788, +0.0239
    netflow_10d_sum: ICs = -0.0302, +0.0450, -0.1335
    netflow_20d_sum: ICs = +0.0223, +0.1029, -0.0461
    netflow_change_30d: ICs = +0.1240, +0.1093, -0.0833
    netflow_mom_14d: ICs = -0.0118, -0.0183, +0.0181
    netflow_mom_7d: ICs = -0.0583, -0.0756, +0.0485
    txvol_change_30d: ICs = -0.0197, +0.1133, +0.0783
  Survivors after stationarity check: 15

================================================================================
STEP 3: DEEP WALK-FORWARD VALIDATION (180d train / 90d test, 10 windows)
================================================================================

### addr_change_14d

**5/10 positive windows** | Mean OOS Sharpe: **0.372** | Median: 0.132 | Ex-best: -0.027

| Window | Train Period | Test Period | Train Sharpe | OOS Sharpe | OOS Return | MaxDD | Trades | Params |
|--------|-------------|-------------|-------------|-----------|-----------|-------|--------|--------|
| W1 | 2023-03-24 to 2023-09-19 | 2023-09-20 to 2023-12-18 | 1.021 | +3.394 | +25.3% | -8.4% | 27 | thr=40, long_above |
| W2 | 2023-06-22 to 2023-12-18 | 2023-12-19 to 2024-03-17 | 3.135 | +3.527 | +47.0% | -14.7% | 26 | thr=30, long_above |
| W3 | 2023-09-20 to 2024-03-17 | 2024-03-18 to 2024-06-15 | 4.210 | -1.879 | -19.7% | -18.7% | 34 | thr=30, long_above |
| W4 | 2023-12-19 to 2024-06-15 | 2024-06-16 to 2024-09-13 | 2.478 | -3.123 | -16.7% | -17.8% | 30 | thr=40, long_below |
| W5 | 2024-03-18 to 2024-09-13 | 2024-09-14 to 2024-12-12 | 0.484 | +3.970 | +22.0% | -3.6% | 26 | thr=40, long_below |
| W6 | 2024-06-16 to 2024-12-12 | 2024-12-13 to 2025-03-12 | 2.034 | -1.687 | -15.9% | -21.3% | 19 | thr=50, long_above |
| W7 | 2024-09-14 to 2025-03-12 | 2025-03-13 to 2025-06-10 | 1.317 | -0.741 | -4.8% | -14.6% | 25 | thr=60, long_above |
| W8 | 2024-12-13 to 2025-06-10 | 2025-06-11 to 2025-09-08 | 1.295 | -1.773 | -10.0% | -12.9% | 23 | thr=70, long_below |
| W9 | 2025-03-13 to 2025-09-08 | 2025-09-09 to 2025-12-07 | 1.513 | +1.031 | +3.6% | -6.2% | 31 | thr=30, long_below |
| W10 | 2025-06-11 to 2025-12-07 | 2025-12-08 to 2026-03-14 | 1.914 | +1.005 | +8.1% | -14.0% | 26 | thr=70, long_above |

**Verdict**: KILLED (mean Sharpe ex-best = -0.027 <= 0)

### addr_growth_14d

**4/10 positive windows** | Mean OOS Sharpe: **0.130** | Median: -1.065 | Ex-best: -0.355

| Window | Train Period | Test Period | Train Sharpe | OOS Sharpe | OOS Return | MaxDD | Trades | Params |
|--------|-------------|-------------|-------------|-----------|-----------|-------|--------|--------|
| W1 | 2023-03-24 to 2023-09-19 | 2023-09-20 to 2023-12-18 | 1.286 | +4.490 | +39.6% | -8.4% | 21 | thr=30, long_above |
| W2 | 2023-06-22 to 2023-12-18 | 2023-12-19 to 2024-03-17 | 3.183 | +3.001 | +37.7% | -16.4% | 30 | thr=30, long_above |
| W3 | 2023-09-20 to 2024-03-17 | 2024-03-18 to 2024-06-15 | 4.200 | -2.486 | -23.5% | -21.5% | 34 | thr=30, long_above |
| W4 | 2023-12-19 to 2024-06-15 | 2024-06-16 to 2024-09-13 | 2.443 | -3.123 | -16.7% | -17.8% | 30 | thr=40, long_below |
| W5 | 2024-03-18 to 2024-09-13 | 2024-09-14 to 2024-12-12 | 0.484 | +3.970 | +22.0% | -3.6% | 26 | thr=40, long_below |
| W6 | 2024-06-16 to 2024-12-12 | 2024-12-13 to 2025-03-12 | 2.055 | -1.482 | -14.2% | -19.8% | 19 | thr=50, long_above |
| W7 | 2024-09-14 to 2025-03-12 | 2025-03-13 to 2025-06-10 | 1.413 | -0.741 | -4.8% | -14.6% | 25 | thr=60, long_above |
| W8 | 2024-12-13 to 2025-06-10 | 2025-06-11 to 2025-09-08 | 1.301 | -1.798 | -9.4% | -11.6% | 25 | thr=50, long_below |
| W9 | 2025-03-13 to 2025-09-08 | 2025-09-09 to 2025-12-07 | 1.599 | -1.389 | -8.7% | -15.0% | 31 | thr=40, long_below |
| W10 | 2025-06-11 to 2025-12-07 | 2025-12-08 to 2026-03-14 | 1.719 | +0.855 | +6.6% | -14.0% | 28 | thr=70, long_above |

**Verdict**: KILLED (mean OOS Sharpe 0.130 < 0.3; only 4/10 positive windows (< 50%); mean Sharpe ex-best = -0.355 <= 0)

### exbal_change_14d

**7/10 positive windows** | Mean OOS Sharpe: **1.379** | Median: 0.271 | Ex-best: 0.934

| Window | Train Period | Test Period | Train Sharpe | OOS Sharpe | OOS Return | MaxDD | Trades | Params |
|--------|-------------|-------------|-------------|-----------|-----------|-------|--------|--------|
| W1 | 2023-03-24 to 2023-09-19 | 2023-09-20 to 2023-12-18 | 1.225 | +5.378 | +64.7% | -5.6% | 8 | thr=60, long_below |
| W2 | 2023-06-22 to 2023-12-18 | 2023-12-19 to 2024-03-17 | 3.174 | +4.711 | +67.1% | -10.6% | 5 | thr=70, long_below |
| W3 | 2023-09-20 to 2024-03-17 | 2024-03-18 to 2024-06-15 | 5.019 | +0.140 | -1.0% | -14.5% | 11 | thr=70, long_below |
| W4 | 2023-12-19 to 2024-06-15 | 2024-06-16 to 2024-09-13 | 2.531 | -0.001 | -2.1% | -16.0% | 6 | thr=60, long_below |
| W5 | 2024-03-18 to 2024-09-13 | 2024-09-14 to 2024-12-12 | 0.109 | +4.636 | +66.7% | -8.4% | 0 | thr=60, long_below |
| W6 | 2024-06-16 to 2024-12-12 | 2024-12-13 to 2025-03-12 | 2.350 | +0.159 | -0.1% | -11.6% | 11 | thr=40, long_below |
| W7 | 2024-09-14 to 2025-03-12 | 2025-03-13 to 2025-06-10 | 1.752 | +1.600 | +12.2% | -14.0% | 7 | thr=70, long_below |
| W8 | 2024-12-13 to 2025-06-10 | 2025-06-11 to 2025-09-08 | 0.937 | -0.099 | -0.8% | -7.5% | 9 | thr=60, long_below |
| W9 | 2025-03-13 to 2025-09-08 | 2025-09-09 to 2025-12-07 | 1.920 | -3.119 | -19.7% | -20.6% | 10 | thr=40, long_above |
| W10 | 2025-06-11 to 2025-12-07 | 2025-12-08 to 2026-03-14 | 0.910 | +0.383 | +1.6% | -9.1% | 8 | thr=40, long_below |

**Verdict**: PASSED

### exbal_mom_14d

**6/10 positive windows** | Mean OOS Sharpe: **1.272** | Median: 0.261 | Ex-best: 0.821

| Window | Train Period | Test Period | Train Sharpe | OOS Sharpe | OOS Return | MaxDD | Trades | Params |
|--------|-------------|-------------|-------------|-----------|-----------|-------|--------|--------|
| W1 | 2023-03-24 to 2023-09-19 | 2023-09-20 to 2023-12-18 | 1.255 | +5.331 | +64.0% | -5.6% | 8 | thr=60, long_below |
| W2 | 2023-06-22 to 2023-12-18 | 2023-12-19 to 2024-03-17 | 3.174 | +4.711 | +67.1% | -10.6% | 5 | thr=70, long_below |
| W3 | 2023-09-20 to 2024-03-17 | 2024-03-18 to 2024-06-15 | 5.019 | +0.140 | -1.0% | -14.5% | 11 | thr=70, long_below |
| W4 | 2023-12-19 to 2024-06-15 | 2024-06-16 to 2024-09-13 | 2.531 | -0.001 | -2.1% | -16.0% | 6 | thr=60, long_below |
| W5 | 2024-03-18 to 2024-09-13 | 2024-09-14 to 2024-12-12 | 0.115 | +4.636 | +66.7% | -8.4% | 0 | thr=60, long_below |
| W6 | 2024-06-16 to 2024-12-12 | 2024-12-13 to 2025-03-12 | 2.143 | -0.370 | -5.4% | -14.6% | 13 | thr=40, long_below |
| W7 | 2024-09-14 to 2025-03-12 | 2025-03-13 to 2025-06-10 | 1.649 | +1.600 | +12.2% | -14.0% | 7 | thr=70, long_below |
| W8 | 2024-12-13 to 2025-06-10 | 2025-06-11 to 2025-09-08 | 0.937 | -0.099 | -0.8% | -7.5% | 9 | thr=60, long_below |
| W9 | 2025-03-13 to 2025-09-08 | 2025-09-09 to 2025-12-07 | 1.920 | -3.611 | -23.4% | -24.2% | 8 | thr=40, long_above |
| W10 | 2025-06-11 to 2025-12-07 | 2025-12-08 to 2026-03-14 | 0.910 | +0.383 | +1.6% | -9.1% | 8 | thr=40, long_below |

**Verdict**: PASSED

### exbal_mom_7d

**5/10 positive windows** | Mean OOS Sharpe: **0.304** | Median: 0.291 | Ex-best: 0.060

| Window | Train Period | Test Period | Train Sharpe | OOS Sharpe | OOS Return | MaxDD | Trades | Params |
|--------|-------------|-------------|-------------|-----------|-----------|-------|--------|--------|
| W1 | 2023-03-24 to 2023-09-19 | 2023-09-20 to 2023-12-18 | 0.516 | +1.926 | +15.0% | -6.6% | 7 | thr=30, long_above |
| W2 | 2023-06-22 to 2023-12-18 | 2023-12-19 to 2024-03-17 | 1.910 | +2.501 | +26.3% | -10.8% | 13 | thr=30, long_below |
| W3 | 2023-09-20 to 2024-03-17 | 2024-03-18 to 2024-06-15 | 4.502 | +0.842 | +7.4% | -14.4% | 12 | thr=60, long_below |
| W4 | 2023-12-19 to 2024-06-15 | 2024-06-16 to 2024-09-13 | 2.651 | -2.043 | -22.8% | -28.1% | 10 | thr=60, long_below |
| W5 | 2024-03-18 to 2024-09-13 | 2024-09-14 to 2024-12-12 | 0.896 | +2.073 | +20.4% | -11.7% | 12 | thr=40, long_below |
| W6 | 2024-06-16 to 2024-12-12 | 2024-12-13 to 2025-03-12 | 2.297 | -1.040 | -11.9% | -20.7% | 15 | thr=40, long_above |
| W7 | 2024-09-14 to 2025-03-12 | 2025-03-13 to 2025-06-10 | 1.442 | +1.308 | +9.4% | -10.3% | 7 | thr=60, long_above |
| W8 | 2024-12-13 to 2025-06-10 | 2025-06-11 to 2025-09-08 | 2.059 | -0.260 | -1.9% | -11.2% | 14 | thr=50, long_below |
| W9 | 2025-03-13 to 2025-09-08 | 2025-09-09 to 2025-12-07 | 2.103 | -1.779 | -11.9% | -21.1% | 12 | thr=40, long_below |
| W10 | 2025-06-11 to 2025-12-07 | 2025-12-08 to 2026-03-14 | 0.361 | -0.488 | -3.3% | -16.5% | 10 | thr=30, long_below |

**Verdict**: PASSED

### exbal_zscore_30d

**6/10 positive windows** | Mean OOS Sharpe: **0.808** | Median: 0.553 | Ex-best: 0.382

| Window | Train Period | Test Period | Train Sharpe | OOS Sharpe | OOS Return | MaxDD | Trades | Params |
|--------|-------------|-------------|-------------|-----------|-----------|-------|--------|--------|
| W1 | 2023-03-24 to 2023-09-19 | 2023-09-20 to 2023-12-18 | 1.162 | +4.642 | +45.5% | -4.7% | 10 | thr=30, long_below |
| W2 | 2023-06-22 to 2023-12-18 | 2023-12-19 to 2024-03-17 | 2.781 | +3.668 | +45.9% | -10.6% | 5 | thr=50, long_below |
| W3 | 2023-09-20 to 2024-03-17 | 2024-03-18 to 2024-06-15 | 4.686 | +0.420 | +2.1% | -14.4% | 8 | thr=70, long_below |
| W4 | 2023-12-19 to 2024-06-15 | 2024-06-16 to 2024-09-13 | 2.463 | -1.183 | -15.4% | -21.2% | 8 | thr=70, long_below |
| W5 | 2024-03-18 to 2024-09-13 | 2024-09-14 to 2024-12-12 | 0.608 | +1.754 | +8.6% | -2.8% | 6 | thr=70, long_above |
| W6 | 2024-06-16 to 2024-12-12 | 2024-12-13 to 2025-03-12 | 2.151 | -0.803 | -11.4% | -20.6% | 1 | thr=50, long_below |
| W7 | 2024-09-14 to 2025-03-12 | 2025-03-13 to 2025-06-10 | 1.601 | +2.870 | +30.0% | -10.2% | 6 | thr=40, long_above |
| W8 | 2024-12-13 to 2025-06-10 | 2025-06-11 to 2025-09-08 | 0.743 | +0.686 | +3.8% | -12.2% | 6 | thr=70, long_above |
| W9 | 2025-03-13 to 2025-09-08 | 2025-09-09 to 2025-12-07 | 1.797 | -1.978 | -18.9% | -30.7% | 4 | thr=60, long_below |
| W10 | 2025-06-11 to 2025-12-07 | 2025-12-08 to 2026-03-14 | 0.320 | -1.996 | -21.0% | -29.6% | 6 | thr=60, long_above |

**Verdict**: PASSED

### netflow_5d_sum

**7/10 positive windows** | Mean OOS Sharpe: **0.728** | Median: 0.740 | Ex-best: 0.457

| Window | Train Period | Test Period | Train Sharpe | OOS Sharpe | OOS Return | MaxDD | Trades | Params |
|--------|-------------|-------------|-------------|-----------|-----------|-------|--------|--------|
| W1 | 2023-03-24 to 2023-09-19 | 2023-09-20 to 2023-12-18 | 0.852 | +3.173 | +30.6% | -6.6% | 10 | thr=30, long_above |
| W2 | 2023-06-22 to 2023-12-18 | 2023-12-19 to 2024-03-17 | 2.439 | +1.297 | +10.3% | -19.3% | 17 | thr=30, long_above |
| W3 | 2023-09-20 to 2024-03-17 | 2024-03-18 to 2024-06-15 | 4.643 | +0.427 | +2.2% | -14.6% | 10 | thr=70, long_below |
| W4 | 2023-12-19 to 2024-06-15 | 2024-06-16 to 2024-09-13 | 2.662 | -0.189 | -1.5% | -11.3% | 11 | thr=40, long_below |
| W5 | 2024-03-18 to 2024-09-13 | 2024-09-14 to 2024-12-12 | 1.026 | +2.265 | +21.2% | -8.7% | 18 | thr=30, long_below |
| W6 | 2024-06-16 to 2024-12-12 | 2024-12-13 to 2025-03-12 | 1.942 | +1.052 | +7.1% | -9.5% | 16 | thr=70, long_above |
| W7 | 2024-09-14 to 2025-03-12 | 2025-03-13 to 2025-06-10 | 2.036 | +3.133 | +26.7% | -4.3% | 12 | thr=50, long_above |
| W8 | 2024-12-13 to 2025-06-10 | 2025-06-11 to 2025-09-08 | 1.772 | +0.240 | +0.7% | -8.1% | 19 | thr=60, long_above |
| W9 | 2025-03-13 to 2025-09-08 | 2025-09-09 to 2025-12-07 | 2.716 | -2.355 | -16.7% | -21.2% | 12 | thr=70, long_above |
| W10 | 2025-06-11 to 2025-12-07 | 2025-12-08 to 2026-03-14 | 0.776 | -1.759 | -4.7% | -10.4% | 8 | thr=30, long_below |

**Verdict**: PASSED

### netflow_change_14d

**7/10 positive windows** | Mean OOS Sharpe: **1.017** | Median: 1.175 | Ex-best: 0.542

| Window | Train Period | Test Period | Train Sharpe | OOS Sharpe | OOS Return | MaxDD | Trades | Params |
|--------|-------------|-------------|-------------|-----------|-----------|-------|--------|--------|
| W1 | 2023-03-24 to 2023-09-19 | 2023-09-20 to 2023-12-18 | 1.257 | +5.023 | +24.5% | -0.4% | 8 | thr=30, long_below |
| W2 | 2023-06-22 to 2023-12-18 | 2023-12-19 to 2024-03-17 | 2.358 | +5.289 | +81.6% | -10.6% | 3 | thr=70, long_below |
| W3 | 2023-09-20 to 2024-03-17 | 2024-03-18 to 2024-06-15 | 5.037 | +1.722 | +16.1% | -8.4% | 7 | thr=60, long_below |
| W4 | 2023-12-19 to 2024-06-15 | 2024-06-16 to 2024-09-13 | 3.826 | +2.675 | +23.2% | -6.7% | 9 | thr=50, long_below |
| W5 | 2024-03-18 to 2024-09-13 | 2024-09-14 to 2024-12-12 | 2.372 | +1.451 | +8.3% | -6.1% | 19 | thr=30, long_below |
| W6 | 2024-06-16 to 2024-12-12 | 2024-12-13 to 2025-03-12 | 3.928 | -2.389 | -12.7% | -16.0% | 14 | thr=60, long_below |
| W7 | 2024-09-14 to 2025-03-12 | 2025-03-13 to 2025-06-10 | 2.589 | +0.900 | +6.1% | -13.0% | 4 | thr=70, long_below |
| W8 | 2024-12-13 to 2025-06-10 | 2025-06-11 to 2025-09-08 | 1.029 | +0.500 | +2.5% | -12.2% | 3 | thr=30, long_above |
| W9 | 2025-03-13 to 2025-09-08 | 2025-09-09 to 2025-12-07 | 2.117 | -3.415 | -27.0% | -32.0% | 10 | thr=30, long_above |
| W10 | 2025-06-11 to 2025-12-07 | 2025-12-08 to 2026-03-14 | 1.791 | -1.585 | -8.9% | -10.9% | 8 | thr=30, long_below |

**Verdict**: PASSED

### netflow_zscore_30d

**6/10 positive windows** | Mean OOS Sharpe: **0.484** | Median: 0.599 | Ex-best: 0.264

| Window | Train Period | Test Period | Train Sharpe | OOS Sharpe | OOS Return | MaxDD | Trades | Params |
|--------|-------------|-------------|-------------|-----------|-----------|-------|--------|--------|
| W1 | 2023-03-24 to 2023-09-19 | 2023-09-20 to 2023-12-18 | 1.169 | +2.304 | +13.9% | -6.3% | 33 | thr=30, long_below |
| W2 | 2023-06-22 to 2023-12-18 | 2023-12-19 to 2024-03-17 | 1.414 | +1.802 | +14.5% | -12.8% | 41 | thr=40, long_below |
| W3 | 2023-09-20 to 2024-03-17 | 2024-03-18 to 2024-06-15 | 3.190 | -1.034 | -13.7% | -23.7% | 34 | thr=70, long_below |
| W4 | 2023-12-19 to 2024-06-15 | 2024-06-16 to 2024-09-13 | 1.405 | -0.123 | -1.7% | -13.7% | 42 | thr=50, long_above |
| W5 | 2024-03-18 to 2024-09-13 | 2024-09-14 to 2024-12-12 | 0.193 | +2.086 | +21.1% | -11.7% | 40 | thr=30, long_above |
| W6 | 2024-06-16 to 2024-12-12 | 2024-12-13 to 2025-03-12 | 1.797 | +0.635 | +4.5% | -14.6% | 35 | thr=50, long_above |
| W7 | 2024-09-14 to 2025-03-12 | 2025-03-13 to 2025-06-10 | 1.673 | +2.465 | +22.7% | -11.6% | 40 | thr=40, long_above |
| W8 | 2024-12-13 to 2025-06-10 | 2025-06-11 to 2025-09-08 | 1.347 | +0.564 | +2.2% | -6.2% | 42 | thr=60, long_above |
| W9 | 2025-03-13 to 2025-09-08 | 2025-09-09 to 2025-12-07 | 2.006 | -2.019 | -12.2% | -15.6% | 35 | thr=50, long_above |
| W10 | 2025-06-11 to 2025-12-07 | 2025-12-08 to 2026-03-14 | 0.123 | -1.841 | -19.7% | -26.8% | 39 | thr=60, long_above |

**Verdict**: PASSED

### txvol_10d_sum

**7/10 positive windows** | Mean OOS Sharpe: **0.957** | Median: 1.040 | Ex-best: 0.573

| Window | Train Period | Test Period | Train Sharpe | OOS Sharpe | OOS Return | MaxDD | Trades | Params |
|--------|-------------|-------------|-------------|-----------|-----------|-------|--------|--------|
| W1 | 2023-03-19 to 2023-09-15 | 2023-09-16 to 2023-12-15 | 1.340 | +2.043 | +7.9% | -3.6% | 5 | thr=30, long_below |
| W2 | 2023-06-17 to 2023-12-15 | 2023-12-16 to 2024-03-14 | 3.529 | +4.410 | +68.9% | -15.7% | 0 | thr=50, long_above |
| W3 | 2023-09-16 to 2024-03-14 | 2024-03-15 to 2024-06-12 | 4.133 | +1.719 | +7.0% | -2.2% | 2 | thr=50, long_below |
| W4 | 2023-12-16 to 2024-06-12 | 2024-06-13 to 2024-09-11 | 2.379 | -1.606 | -15.8% | -20.7% | 12 | thr=50, long_below |
| W5 | 2024-03-15 to 2024-09-11 | 2024-09-12 to 2024-12-11 | 0.278 | +3.539 | +39.3% | -7.9% | 3 | thr=70, long_above |
| W6 | 2024-06-13 to 2024-12-11 | 2024-12-12 to 2025-03-11 | 2.356 | -1.709 | -18.7% | -23.4% | 14 | thr=70, long_above |
| W7 | 2024-09-12 to 2025-03-11 | 2025-03-12 to 2025-06-09 | 1.656 | +0.920 | +6.3% | -14.0% | 8 | thr=40, long_below |
| W8 | 2024-12-12 to 2025-06-09 | 2025-06-10 to 2025-09-08 | 1.047 | +1.160 | +5.8% | -8.1% | 14 | thr=70, long_below |
| W9 | 2025-03-12 to 2025-09-08 | 2025-09-09 to 2025-12-07 | 2.600 | +0.824 | +1.7% | -3.6% | 4 | thr=60, long_below |
| W10 | 2025-06-10 to 2025-12-07 | 2025-12-08 to 2026-03-14 | 0.951 | -1.734 | -16.9% | -29.7% | 4 | thr=40, long_below |

**Verdict**: PASSED

### txvol_20d_sum

**5/10 positive windows** | Mean OOS Sharpe: **1.148** | Median: 0.630 | Ex-best: 0.767

| Window | Train Period | Test Period | Train Sharpe | OOS Sharpe | OOS Return | MaxDD | Trades | Params |
|--------|-------------|-------------|-------------|-----------|-----------|-------|--------|--------|
| W1 | 2023-03-19 to 2023-09-15 | 2023-09-16 to 2023-12-15 | 1.500 | +4.573 | +52.1% | -6.6% | 3 | thr=40, long_above |
| W2 | 2023-06-17 to 2023-12-15 | 2023-12-16 to 2024-03-14 | 3.646 | +4.410 | +68.9% | -15.7% | 0 | thr=40, long_above |
| W3 | 2023-09-16 to 2024-03-14 | 2024-03-15 to 2024-06-12 | 4.118 | -0.473 | -8.5% | -18.5% | 2 | thr=70, long_above |
| W4 | 2023-12-16 to 2024-06-12 | 2024-06-13 to 2024-09-11 | 2.539 | -0.605 | -7.8% | -18.6% | 6 | thr=60, long_below |
| W5 | 2024-03-15 to 2024-09-11 | 2024-09-12 to 2024-12-11 | 0.035 | +3.435 | +25.0% | -8.4% | 1 | thr=60, long_below |
| W6 | 2024-06-13 to 2024-12-11 | 2024-12-12 to 2025-03-11 | 2.534 | -1.231 | -17.1% | -26.0% | 0 | thr=30, long_above |
| W7 | 2024-09-12 to 2025-03-11 | 2025-03-12 to 2025-06-09 | 1.627 | +1.261 | +9.3% | -12.8% | 6 | thr=40, long_below |
| W8 | 2024-12-12 to 2025-06-09 | 2025-06-10 to 2025-09-08 | 1.215 | +1.631 | +7.1% | -7.1% | 2 | thr=60, long_below |
| W9 | 2025-03-12 to 2025-09-08 | 2025-09-09 to 2025-12-07 | 2.458 | +0.000 | +0.0% | 0.0% | 0 | thr=50, long_below |
| W10 | 2025-06-10 to 2025-12-07 | 2025-12-08 to 2026-03-14 | 1.053 | -1.524 | -21.7% | -35.1% | 1 | thr=50, long_below |

**Verdict**: PASSED

### txvol_5d_sum

**5/10 positive windows** | Mean OOS Sharpe: **0.995** | Median: 0.158 | Ex-best: 0.601

| Window | Train Period | Test Period | Train Sharpe | OOS Sharpe | OOS Return | MaxDD | Trades | Params |
|--------|-------------|-------------|-------------|-----------|-----------|-------|--------|--------|
| W1 | 2023-03-19 to 2023-09-15 | 2023-09-16 to 2023-12-15 | 1.100 | +4.541 | +51.6% | -6.6% | 3 | thr=70, long_above |
| W2 | 2023-06-17 to 2023-12-15 | 2023-12-16 to 2024-03-14 | 3.860 | +4.410 | +68.9% | -15.7% | 0 | thr=40, long_above |
| W3 | 2023-09-16 to 2024-03-14 | 2024-03-15 to 2024-06-12 | 4.560 | -0.316 | -3.5% | -15.1% | 13 | thr=70, long_below |
| W4 | 2023-12-16 to 2024-06-12 | 2024-06-13 to 2024-09-11 | 2.254 | -1.111 | -14.9% | -19.8% | 16 | thr=60, long_below |
| W5 | 2024-03-15 to 2024-09-11 | 2024-09-12 to 2024-12-11 | 0.306 | +3.744 | +43.6% | -10.5% | 13 | thr=50, long_above |
| W6 | 2024-06-13 to 2024-12-11 | 2024-12-12 to 2025-03-11 | 2.242 | -1.859 | -21.4% | -29.8% | 16 | thr=50, long_above |
| W7 | 2024-09-12 to 2025-03-11 | 2025-03-12 to 2025-06-09 | 2.391 | -0.475 | -1.2% | -4.5% | 10 | thr=70, long_above |
| W8 | 2024-12-12 to 2025-06-09 | 2025-06-10 to 2025-09-08 | 1.805 | +1.415 | +5.2% | -5.2% | 13 | thr=30, long_below |
| W9 | 2025-03-12 to 2025-09-08 | 2025-09-09 to 2025-12-07 | 2.427 | +0.632 | +2.3% | -7.1% | 6 | thr=50, long_below |
| W10 | 2025-06-10 to 2025-12-07 | 2025-12-08 to 2026-03-14 | 0.669 | -1.032 | -10.6% | -21.2% | 14 | thr=30, long_below |

**Verdict**: PASSED

### txvol_mom_14d

**3/10 positive windows** | Mean OOS Sharpe: **-0.162** | Median: -0.506 | Ex-best: -0.601

| Window | Train Period | Test Period | Train Sharpe | OOS Sharpe | OOS Return | MaxDD | Trades | Params |
|--------|-------------|-------------|-------------|-----------|-----------|-------|--------|--------|
| W1 | 2023-03-19 to 2023-09-15 | 2023-09-16 to 2023-12-15 | 0.396 | +3.787 | +37.4% | -7.0% | 31 | thr=70, long_above |
| W2 | 2023-06-17 to 2023-12-15 | 2023-12-16 to 2024-03-14 | 2.871 | +2.086 | +22.5% | -11.5% | 26 | thr=30, long_above |
| W3 | 2023-09-16 to 2024-03-14 | 2024-03-15 to 2024-06-12 | 4.543 | -1.601 | -19.5% | -22.9% | 37 | thr=40, long_below |
| W4 | 2023-12-16 to 2024-06-12 | 2024-06-13 to 2024-09-11 | 2.023 | -0.799 | -6.7% | -13.4% | 32 | thr=40, long_below |
| W5 | 2024-03-15 to 2024-09-11 | 2024-09-12 to 2024-12-11 | 0.371 | +0.620 | +2.5% | -6.2% | 25 | thr=50, long_below |
| W6 | 2024-06-13 to 2024-12-11 | 2024-12-12 to 2025-03-11 | 1.573 | -1.343 | -14.9% | -26.0% | 25 | thr=30, long_above |
| W7 | 2024-09-12 to 2025-03-11 | 2025-03-12 to 2025-06-09 | 1.565 | -2.399 | -15.2% | -16.7% | 29 | thr=40, long_above |
| W8 | 2024-12-12 to 2025-06-09 | 2025-06-10 to 2025-09-08 | 2.269 | -0.161 | -1.4% | -8.4% | 24 | thr=50, long_below |
| W9 | 2025-03-12 to 2025-09-08 | 2025-09-09 to 2025-12-07 | 3.015 | -1.596 | -10.2% | -18.2% | 18 | thr=40, long_below |
| W10 | 2025-06-10 to 2025-12-07 | 2025-12-08 to 2026-03-14 | 0.838 | -0.212 | -3.2% | -14.0% | 26 | thr=70, long_above |

**Verdict**: KILLED (mean OOS Sharpe -0.162 < 0.3; only 3/10 positive windows (< 50%); mean Sharpe ex-best = -0.601 <= 0)

### txvol_mom_30d

**7/10 positive windows** | Mean OOS Sharpe: **1.180** | Median: 1.012 | Ex-best: 0.822

| Window | Train Period | Test Period | Train Sharpe | OOS Sharpe | OOS Return | MaxDD | Trades | Params |
|--------|-------------|-------------|-------------|-----------|-----------|-------|--------|--------|
| W1 | 2023-03-19 to 2023-09-15 | 2023-09-16 to 2023-12-15 | 1.960 | +4.399 | +32.2% | -5.5% | 33 | thr=60, long_above |
| W2 | 2023-06-17 to 2023-12-15 | 2023-12-16 to 2024-03-14 | 3.339 | +1.529 | +13.7% | -16.6% | 29 | thr=50, long_above |
| W3 | 2023-09-16 to 2024-03-14 | 2024-03-15 to 2024-06-12 | 3.538 | +1.838 | +19.9% | -13.9% | 22 | thr=70, long_below |
| W4 | 2023-12-16 to 2024-06-12 | 2024-06-13 to 2024-09-11 | 3.803 | -0.484 | -6.9% | -18.6% | 35 | thr=40, long_below |
| W5 | 2024-03-15 to 2024-09-11 | 2024-09-12 to 2024-12-11 | 1.705 | +1.061 | +5.6% | -5.8% | 27 | thr=50, long_below |
| W6 | 2024-06-13 to 2024-12-11 | 2024-12-12 to 2025-03-11 | 2.303 | -0.082 | -2.1% | -12.2% | 36 | thr=30, long_above |
| W7 | 2024-09-12 to 2025-03-11 | 2025-03-12 to 2025-06-09 | 3.415 | +2.130 | +20.3% | -11.9% | 28 | thr=30, long_above |
| W8 | 2024-12-12 to 2025-06-09 | 2025-06-10 to 2025-09-08 | 1.147 | -0.433 | -3.3% | -7.4% | 26 | thr=30, long_above |
| W9 | 2025-03-12 to 2025-09-08 | 2025-09-09 to 2025-12-07 | 2.557 | +0.875 | +4.1% | -11.5% | 29 | thr=70, long_above |
| W10 | 2025-06-10 to 2025-12-07 | 2025-12-08 to 2026-03-14 | 0.852 | +0.962 | +6.8% | -7.4% | 23 | thr=70, long_above |

**Verdict**: PASSED

### txvol_zscore_30d

**5/10 positive windows** | Mean OOS Sharpe: **-0.111** | Median: -0.324 | Ex-best: -0.599

| Window | Train Period | Test Period | Train Sharpe | OOS Sharpe | OOS Return | MaxDD | Trades | Params |
|--------|-------------|-------------|-------------|-----------|-----------|-------|--------|--------|
| W1 | 2023-03-19 to 2023-09-15 | 2023-09-16 to 2023-12-15 | 0.717 | +4.279 | +37.5% | -8.0% | 27 | thr=40, long_above |
| W2 | 2023-06-17 to 2023-12-15 | 2023-12-16 to 2024-03-14 | 2.827 | +1.479 | +13.3% | -13.0% | 29 | thr=60, long_above |
| W3 | 2023-09-16 to 2024-03-14 | 2024-03-15 to 2024-06-12 | 4.507 | +0.367 | +1.2% | -18.5% | 4 | thr=70, long_below |
| W4 | 2023-12-16 to 2024-06-12 | 2024-06-13 to 2024-09-11 | 3.546 | -1.732 | -13.4% | -19.9% | 26 | thr=30, long_below |
| W5 | 2024-03-15 to 2024-09-11 | 2024-09-12 to 2024-12-11 | 0.825 | +0.304 | +1.0% | -7.8% | 24 | thr=30, long_below |
| W6 | 2024-06-13 to 2024-12-11 | 2024-12-12 to 2025-03-11 | 2.709 | -2.081 | -15.9% | -23.2% | 28 | thr=40, long_above |
| W7 | 2024-09-12 to 2025-03-11 | 2025-03-12 to 2025-06-09 | 2.373 | +2.300 | +21.0% | -11.9% | 30 | thr=40, long_above |
| W8 | 2024-12-12 to 2025-06-09 | 2025-06-10 to 2025-09-08 | 1.318 | -3.923 | -17.9% | -16.6% | 35 | thr=50, long_above |
| W9 | 2025-03-12 to 2025-09-08 | 2025-09-09 to 2025-12-07 | 2.107 | -1.151 | -5.8% | -12.0% | 27 | thr=30, long_below |
| W10 | 2025-06-10 to 2025-12-07 | 2025-12-08 to 2026-03-14 | 0.781 | -0.951 | -9.0% | -19.6% | 25 | thr=50, long_below |

**Verdict**: KILLED (mean OOS Sharpe -0.111 < 0.3; mean Sharpe ex-best = -0.599 <= 0)

  Walk-forward summary: 11 passed, 4 killed
    PASSED: exbal_change_14d (Sharpe=1.379, 7/10 positive, ex-best=0.934)
    PASSED: exbal_mom_14d (Sharpe=1.272, 6/10 positive, ex-best=0.821)
    PASSED: exbal_mom_7d (Sharpe=0.304, 5/10 positive, ex-best=0.060)
    PASSED: exbal_zscore_30d (Sharpe=0.808, 6/10 positive, ex-best=0.382)
    PASSED: netflow_5d_sum (Sharpe=0.728, 7/10 positive, ex-best=0.457)
    PASSED: netflow_change_14d (Sharpe=1.017, 7/10 positive, ex-best=0.542)
    PASSED: netflow_zscore_30d (Sharpe=0.484, 6/10 positive, ex-best=0.264)
    PASSED: txvol_10d_sum (Sharpe=0.957, 7/10 positive, ex-best=0.573)
    PASSED: txvol_20d_sum (Sharpe=1.148, 5/10 positive, ex-best=0.767)
    PASSED: txvol_5d_sum (Sharpe=0.995, 5/10 positive, ex-best=0.601)
    PASSED: txvol_mom_30d (Sharpe=1.180, 7/10 positive, ex-best=0.822)
    KILLED: addr_change_14d (mean Sharpe ex-best = -0.027 <= 0)
    KILLED: addr_growth_14d (mean OOS Sharpe 0.130 < 0.3; only 4/10 positive windows (< 50%); mean Sharpe ex-best = -0.355 <= 0)
    KILLED: txvol_mom_14d (mean OOS Sharpe -0.162 < 0.3; only 3/10 positive windows (< 50%); mean Sharpe ex-best = -0.601 <= 0)
    KILLED: txvol_zscore_30d (mean OOS Sharpe -0.111 < 0.3; mean Sharpe ex-best = -0.599 <= 0)

================================================================================
STEP 4: V3 CORRELATION CHECK
================================================================================

  V3 (20/50 EMA, weekly rebal) Sharpe: 0.978
  V3 period: 2020-01-02 to 2026-03-14

| Signal | Pearson r | p-value | Verdict |
|--------|-----------|---------|---------|
  (V3 correlation computed in integrated function below)

### V3 Correlation Results

| Signal | Pearson r | p-value | V3 Sharpe | Signal Sharpe | Verdict |
|--------|-----------|---------|-----------|---------------|---------|
| exbal_change_14d | +0.5442 | 0.0000 | 0.979 | 0.673 | **KILLED (corr > 0.5)** |
| exbal_mom_14d | +0.5438 | 0.0000 | 0.979 | 0.664 | **KILLED (corr > 0.5)** |
| exbal_mom_7d | +0.4386 | 0.0000 | 0.979 | 0.833 | OK |
| exbal_zscore_30d | +0.5329 | 0.0000 | 0.979 | 0.937 | **KILLED (corr > 0.5)** |
| netflow_5d_sum | +0.5793 | 0.0000 | 0.979 | 0.430 | **KILLED (corr > 0.5)** |
| netflow_change_14d | +0.4350 | 0.0000 | 0.979 | 0.818 | OK |
| netflow_zscore_30d | +0.5007 | 0.0000 | 0.979 | 0.210 | **KILLED (corr > 0.5)** |
| txvol_10d_sum | +0.4353 | 0.0000 | 0.999 | 0.986 | OK |
| txvol_20d_sum | +0.5249 | 0.0000 | 0.999 | 1.185 | **KILLED (corr > 0.5)** |
| txvol_5d_sum | +0.3933 | 0.0000 | 0.999 | -0.367 | OK |
| txvol_mom_30d | +0.6464 | 0.0000 | 0.999 | 0.480 | **KILLED (corr > 0.5)** |

  V3 correlation: 4 passed, 7 killed

================================================================================
STEP 5: PORTFOLIO TEST
================================================================================

### exbal_mom_7d

| Metric | V3 Only | Signal Only | 50/50 Portfolio | 70/30 Portfolio |
|--------|--------|--------|--------|--------|
| Sharpe | 0.979 | 0.034 | **0.576** | **0.780** |
| Ann. Return | 43.2% | 1.6% | 22.4% | 30.7% |
| Max Drawdown | -55.9% | -76.7% | -61.4% | -58.6% |

  50/50 Sharpe improvement: **-0.403**

  70/30 Sharpe improvement: **-0.199**

  **Regime Analysis** (V3 weak periods):
    V3 range-period Sharpe: -2.773 (154 days)
    Signal range-period Sharpe: -2.084
    Improvement in range: +0.689

### netflow_change_14d

| Metric | V3 Only | Signal Only | 50/50 Portfolio | 70/30 Portfolio |
|--------|--------|--------|--------|--------|
| Sharpe | 0.979 | 0.043 | **0.594** | **0.794** |
| Ann. Return | 43.2% | 2.0% | 22.6% | 30.8% |
| Max Drawdown | -55.9% | -79.3% | -50.9% | -52.0% |

  50/50 Sharpe improvement: **-0.385**

  70/30 Sharpe improvement: **-0.184**

  **Regime Analysis** (V3 weak periods):
    V3 range-period Sharpe: -2.773 (154 days)
    Signal range-period Sharpe: -1.015
    Improvement in range: +1.758

### txvol_10d_sum

| Metric | V3 Only | Signal Only | 50/50 Portfolio | 70/30 Portfolio |
|--------|--------|--------|--------|--------|
| Sharpe | 0.999 | 0.234 | **0.704** | **0.855** |
| Ann. Return | 44.1% | 9.8% | 27.0% | 33.8% |
| Max Drawdown | -55.9% | -71.4% | -60.2% | -57.8% |

  50/50 Sharpe improvement: **-0.295**

  70/30 Sharpe improvement: **-0.144**

  **Regime Analysis** (V3 weak periods):
    V3 range-period Sharpe: -3.082 (165 days)
    Signal range-period Sharpe: -1.487
    Improvement in range: +1.595

### txvol_5d_sum

| Metric | V3 Only | Signal Only | 50/50 Portfolio | 70/30 Portfolio |
|--------|--------|--------|--------|--------|
| Sharpe | 0.999 | 0.365 | **0.780** | **0.899** |
| Ann. Return | 44.1% | 15.1% | 29.6% | 35.4% |
| Max Drawdown | -55.9% | -67.0% | -58.5% | -56.8% |

  50/50 Sharpe improvement: **-0.219**

  70/30 Sharpe improvement: **-0.099**

  **Regime Analysis** (V3 weak periods):
    V3 range-period Sharpe: -3.082 (165 days)
    Signal range-period Sharpe: -1.475
    Improvement in range: +1.606

================================================================================
STEP 6: PARAMETER SENSITIVITY
================================================================================

### exbal_mom_7d
  Base Sharpe: 0.034

| Perturbation | Sharpe | Degradation |
|-------------|--------|-------------|
| BASE (thr_pct=50, long_above) | 0.034 | - |
| threshold_pct=30 | 0.419 | +1146.3% **FRAGILE** |
| threshold_pct=40 | 0.231 | +589.2% **FRAGILE** |
| threshold_pct=60 | -0.038 | -212.7% **FRAGILE** |
| threshold_pct=70 | -0.195 | -681.4% **FRAGILE** |
| direction=long_below | 1.135 | +3280.5% **FRAGILE** |

  **Sensitivity verdict**: FRAGILE

### netflow_change_14d
  Base Sharpe: 0.043

| Perturbation | Sharpe | Degradation |
|-------------|--------|-------------|
| BASE (thr_pct=50, long_above) | 0.043 | - |
| threshold_pct=30 | 0.442 | +923.4% **FRAGILE** |
| threshold_pct=40 | 0.175 | +304.7% **FRAGILE** |
| threshold_pct=60 | 0.202 | +367.2% **FRAGILE** |
| threshold_pct=70 | 0.056 | +30.2% **FRAGILE** |
| direction=long_below | 1.180 | +2630.7% **FRAGILE** |

  **Sensitivity verdict**: FRAGILE

### txvol_10d_sum
  Base Sharpe: 0.234

| Perturbation | Sharpe | Degradation |
|-------------|--------|-------------|
| BASE (thr_pct=50, long_above) | 0.234 | - |
| threshold_pct=30 | 0.561 | +139.8% **FRAGILE** |
| threshold_pct=40 | 0.232 | -1.0% |
| threshold_pct=60 | -0.168 | -171.9% **FRAGILE** |
| threshold_pct=70 | -0.068 | -129.2% **FRAGILE** |
| direction=long_below | 0.986 | +321.2% **FRAGILE** |

  **Sensitivity verdict**: FRAGILE

### txvol_5d_sum
  Base Sharpe: 0.365

| Perturbation | Sharpe | Degradation |
|-------------|--------|-------------|
| BASE (thr_pct=50, long_above) | 0.365 | - |
| threshold_pct=30 | 0.498 | +36.5% **FRAGILE** |
| threshold_pct=40 | 0.323 | -11.5% |
| threshold_pct=60 | -0.092 | -125.3% **FRAGILE** |
| threshold_pct=70 | -0.367 | -200.4% **FRAGILE** |
| direction=long_below | 0.816 | +123.4% **FRAGILE** |

  **Sensitivity verdict**: FRAGILE

================================================================================
FINAL SUMMARY
================================================================================

### Signal Pipeline

| Stage | Count |
|-------|-------|
| Raw signals constructed | 36 |
| IC scan survivors (|IC| >= 0.02) | 31 |
| Stationarity survivors | 15 |
| WF survivors (Sharpe >= 0.3, >= 50% positive, ex-best > 0) | 11 |
| V3 correlation survivors (corr < 0.5) | 4 |
| Final surviving signals | 4 |

### Final Signal Table

| Signal | Max |IC| | WF Sharpe | Win/Total | Ex-Best Sharpe | V3 Corr | Sensitivity | Verdict |
|--------|---------|-----------|-----------|----------------|---------|-------------|---------|
| exbal_mom_7d | 0.0706 | 0.304 | 5/10 | 0.060 | +0.439 | FRAGILE | **PASSED** |
| netflow_change_14d | 0.0571 | 1.017 | 7/10 | 0.542 | +0.435 | FRAGILE | **PASSED** |
| txvol_10d_sum | 0.1235 | 0.957 | 7/10 | 0.573 | +0.435 | FRAGILE | **PASSED** |
| txvol_5d_sum | 0.1160 | 0.995 | 5/10 | 0.601 | +0.393 | FRAGILE | **PASSED** |

### Killed Signals Summary

| Signal | Stage Killed | Reason |
|--------|-------------|--------|
| addr_10d_sum | Stationarity | IC flips sign: -0.033, +0.017, +0.154 |
| addr_20d_sum | Stationarity | IC flips sign: -0.029, +0.047, +0.157 |
| addr_5d_sum | Stationarity | IC flips sign: -0.026, -0.001, +0.153 |
| addr_change_14d | Walk-Forward | mean Sharpe ex-best = -0.027 <= 0 |
| addr_change_30d | Stationarity | IC flips sign: +0.030, -0.004, +0.069 |
| addr_growth_14d | Walk-Forward | mean OOS Sharpe 0.130 < 0.3; only 4/10 positive windows (< 50%); mean Sharpe ex-best = -0.355 <= 0 |
| addr_growth_30d | Stationarity | IC flips sign: +0.039, -0.006, +0.066 |
| addr_growth_7d | Stationarity | IC flips sign: +0.073, -0.015, +0.037 |
| addr_zscore_30d | Stationarity | IC flips sign: +0.048, -0.030, +0.055 |
| exbal_10d_sum | Stationarity | IC flips sign: -0.192, -0.172, +0.037 |
| exbal_20d_sum | Stationarity | IC flips sign: -0.184, -0.177, +0.043 |
| exbal_5d_sum | Stationarity | IC flips sign: -0.195, -0.179, +0.024 |
| exbal_change_14d | V3 Correlation | corr = 0.544 > 0.5 |
| exbal_change_30d | IC Scan | max |IC| = 0.0109 < 0.02 |
| exbal_mom_14d | V3 Correlation | corr = 0.544 > 0.5 |
| exbal_mom_30d | IC Scan | max |IC| = 0.0119 < 0.02 |
| exbal_zscore_30d | V3 Correlation | corr = 0.533 > 0.5 |
| netflow_10d_sum | Stationarity | IC flips sign: -0.030, +0.045, -0.133 |
| netflow_20d_sum | Stationarity | IC flips sign: +0.022, +0.103, -0.046 |
| netflow_5d_sum | V3 Correlation | corr = 0.579 > 0.5 |
| netflow_change_30d | Stationarity | IC flips sign: +0.124, +0.109, -0.083 |
| netflow_mom_14d | Stationarity | IC flips sign: -0.012, -0.018, +0.018 |
| netflow_mom_30d | IC Scan | max |IC| = 0.0191 < 0.02 |
| netflow_mom_7d | Stationarity | IC flips sign: -0.058, -0.076, +0.048 |
| netflow_zscore_30d | V3 Correlation | corr = 0.501 > 0.5 |
| txvol_20d_sum | V3 Correlation | corr = 0.525 > 0.5 |
| txvol_change_14d | IC Scan | max |IC| = 0.0182 < 0.02 |
| txvol_change_30d | Stationarity | IC flips sign: -0.020, +0.113, +0.078 |
| txvol_mom_14d | Walk-Forward | mean OOS Sharpe -0.162 < 0.3; only 3/10 positive windows (< 50%); mean Sharpe ex-best = -0.601 <= 0 |
| txvol_mom_30d | V3 Correlation | corr = 0.646 > 0.5 |
| txvol_mom_7d | IC Scan | max |IC| = 0.0185 < 0.02 |
| txvol_zscore_30d | Walk-Forward | mean OOS Sharpe -0.111 < 0.3; mean Sharpe ex-best = -0.599 <= 0 |

### R115 Signal Comparison (Extended Data Verdict)

| R115 Signal | R115 Verdict | R118 Extended Verdict | Change |
|-------------|-------------|----------------------|--------|
| addr_growth_14d | PASSED (Sharpe=2.40, 5/6) | WF_KILLED | **OVERTURNED (now killed)** |
| netflow_5d_sum | PASSED (Sharpe=1.00, 3/4) | V3_KILLED | **OVERTURNED (now killed)** |
| netflow_10d_sum | PASSED (Sharpe=0.49, 2/4) | PERIOD_KILLED | **OVERTURNED (now killed)** |
| netflow_usd_5d | PASSED (Sharpe=0.83, 3/4) | N/A (different metric def) | - |
| netflow_usd_10d | PASSED (Sharpe=0.47, 3/4) | N/A (different metric def) | - |
| addr_growth_7d | KILLED (Sharpe=0.27, 2/6) | PERIOD_KILLED | CONFIRMED DEAD |
| txvol_mom_14d | KILLED (Sharpe=0.23, 2/6) | WF_KILLED | CONFIRMED DEAD |
| exbal_change_14d | FLAGGED (1 window) | V3_KILLED | NOW TESTABLE |
| exbal_change_30d | FLAGGED (1 window) | IC_KILLED | NOW TESTABLE |

### Conclusions

**4 signal(s) survived deep validation:**
  - **exbal_mom_7d**: WF Sharpe=0.304, 5/10 positive windows
  - **netflow_change_14d**: WF Sharpe=1.017, 7/10 positive windows
  - **txvol_10d_sum**: WF Sharpe=0.957, 7/10 positive windows
  - **txvol_5d_sum**: WF Sharpe=0.995, 5/10 positive windows

### Caveats

1. BTC spot data starts 2020-01-01 -- on-chain data before 2020 cannot be tested against returns
2. On-chain data quality may differ between providers (Coinmetrics vs Blockchain.com)
3. Exchange netflow definition may change over time as exchanges are added/removed from tracking
4. Regime detection is approximate; true regime boundaries are only known in hindsight

### Next Steps

1. Paper-trade surviving signals for 90 days before live deployment
2. Investigate whether signals work as V3 filters (position sizing) rather than standalone
3. Test multi-signal composite (if multiple survive)
4. Monitor IC stability monthly

[DONE] Report written to /workspace/crypto_backtest/research/R118_onchain_deep_validation.md
